controller.c:47:6:controller_update	8	static
controller.c:60:6:controller_setVoltagePWM	16	static
controller.c:67:6:controller_setReferenceTemp	16	static
controller.c:74:6:controller_setVoltagePWMConsumer	24	static
controller.c:87:6:controller_print	112	static
controller.c:116:13:updateTempMeasurementHot	24	static
controller.c:131:13:updateTempMeasurementCold	24	static
controller.c:146:13:updateVoltage	16	static
controller.c:154:13:updateSuplyVoltage	16	static
controller.c:162:13:updateCurrent	16	static
controller.c:169:13:updateSetVoltagePWM	16	static
controller.c:180:13:controller	16	static
