controller.c:46:6:controller_update	8	static
controller.c:59:6:controller_setVoltagePWM	16	static
controller.c:66:6:controller_setVoltagePWMConsumer	24	static
controller.c:78:6:controller_print	112	static
controller.c:103:13:updateTempMeasurementHot	24	static
controller.c:118:13:updateTempMeasurementCold	24	static
controller.c:133:13:updateVoltage	16	static
controller.c:141:13:updateSuplyVoltage	16	static
controller.c:149:13:updateCurrent	16	static
controller.c:156:13:updateSetVoltagePWM	16	static
controller.c:167:13:controller	24	static
