stm32g4xx_it.c:78:6:NMI_Handler	4	static
stm32g4xx_it.c:93:6:HardFault_Handler	8	static
stm32g4xx_it.c:109:6:MemManage_Handler	4	static
stm32g4xx_it.c:124:6:BusFault_Handler	4	static
stm32g4xx_it.c:139:6:UsageFault_Handler	4	static
stm32g4xx_it.c:154:6:SVC_Handler	4	static
stm32g4xx_it.c:167:6:DebugMon_Handler	4	static
stm32g4xx_it.c:180:6:PendSV_Handler	4	static
stm32g4xx_it.c:193:6:SysTick_Handler	8	static
stm32g4xx_it.c:214:6:DMA1_Channel1_IRQHandler	8	static
stm32g4xx_it.c:228:6:ADC1_2_IRQHandler	8	static
stm32g4xx_it.c:244:6:TIM2_IRQHandler	8	static
stm32g4xx_it.c:258:6:USART1_IRQHandler	8	static
